
> bjmp-pms@0.1.0 build
> next build

Γû▓ Next.js 16.1.7 (Turbopack)
- Environments: .env

node.exe : ΓÜá The 
"middleware" file 
convention is 
deprecated. Please use 
"proxy" instead. Learn 
more: https://nextjs.or
g/docs/messages/middlew
are-to-proxy
At line:1 char:1
+ & "C:\Program 
Files\nodejs/node.exe" 
"C:\Program 
Files\nodejs/node_mo 
...
+ ~~~~~~~~~~~~~~~~~~~~~
~~~~~~~~~~~~~~~~~~~~~~~
~~~~~~~~~~~~~~~~~~~~~~~
~~
    + CategoryInfo     
         : 
NotSpecified:     (ΓÜá 
The "middle...l    
eware-to-proxy:Strin   
 g) [], RemoteExcepti  
  on
    + 
FullyQualifiedErro    
rId : NativeCommandE   
 rror
 
  Creating an optimized production build ...
Γ£ô Compiled successfully in 13.0s
  Running TypeScript ...
  Collecting page data using 3 workers ...
  Generating static pages using 3 workers (0/27) ...
  Generating static pages using 3 workers (6/27) 
  Generating static pages using 3 workers (13/27) 
  Generating static pages using 3 workers (20/27) 
Γ£ô Generating static pages using 3 workers (27/27) in 2.2s
  Finalizing page optimization ...

Route (app)
Γöî Γùï /
Γö£ Γùï /_not-found
Γö£ Γùï /admin
Γö£ Γùï /admin-page
Γö£ Γùï /admin-page/audit-logs
Γö£ Γùï /admin-page/inmate-profile
Γö£ Γùï /admin-page/inmate-progress
Γö£ Γùï /admin-page/manage-program
Γö£ Γùï /admin-page/medical-records
Γö£ Γùï /admin-page/transfer-release
Γö£ Γùï /admin-page/user-management
Γö£ Γùï /admin-page/visitation-request
Γö£ ╞Æ /api/auth/logout
Γö£ ╞Æ /api/inmate-status
Γö£ ╞Æ /api/pdls
Γö£ ╞Æ /api/upload-inmate-photo
Γö£ Γùï /medical-page
Γö£ Γùï /officer-page
Γö£ Γùï /rehab-page
Γö£ Γùï /visitor-page
Γö£ Γùï /visitor-page/announcements
Γö£ Γùï /visitor-page/appointments
Γö£ Γùï /visitor-page/profile
Γö£ Γùï /visitor-page/requirements
Γöö Γùï /visitor-page/status


╞Æ Proxy (Middleware)

Γùï  (Static)   prerendered as static content
╞Æ  (Dynamic)  server-rendered on demand

